// Jest Snapshot v1, https://goo.gl/fbAQLP

exports[`should render Header correctly 1`] = `
<div>
  <h1>
    Expensify
  </h1>
  <NavLink
    activeClassName="is-active"
    to="/"
  >
    --HOME--
  </NavLink>
  <NavLink
    activeClassName="is-active"
    to="/add"
  >
    --ADD EXPENSE--
  </NavLink>
  <NavLink
    activeClassName="is-active"
    to="/help"
  >
    --HELP--
  </NavLink>
</div>
`;
